 INFO nerdfix::runtime: Check input file from 'tests/test-data.txt'
