 INFO Check input file from 'tests/test-data.txt'
