 INFO Load input from 'tests/test-icons.json'
 INFO Check input file from 'tests/test-data.txt'
