  ☞ Found obsolete icon U+F719
   ╭─[tests/test-data.txt:4:26]
 3 │ 
 4 │ mdi-file_document_box = ""
   ·                          ┬
   ·                          ╰── Icon 'mdi-file_document_box' is marked as obsolete
 5 │ md-file_document      = "󰈙"
   ╰────
  help: You could replace it with:
          1. 󰈙 U+F0219 md-file_document

  ☞ Found obsolete icon U+F719
   ╭─[tests/test-data.txt:8:26]
 7 │ # Test autofix from histroy
 8 │ mdi-file_document_box = ""
   ·                          ┬
   ·                          ╰── Icon 'mdi-file_document_box' is marked as obsolete
 9 │ md-file_document      = "󰈙"
   ╰────
  help: You could replace it with:
          1. 󰈙 U+F0219 md-file_document

