mdi-folder_multiple = "󰉓"
md-folder_multiple  = "󰉓"

mdi-file_document_box = "󰈙"
md-file_document      = "󰈙"

# Test autofix from histroy
mdi-file_document_box = "󰈙"
md-file_document      = "󰈙"

mdi-git = "󰊢",
md-git  = "󰊢"

mdi-tab = "󰓩"
md-tab  = "󰓩"

mdi-rhombus_outline = "󰜌"
md-rhombus_outline  = "󰜌"

mdi-arrow_right_thick = "󰁕"
md-arrow_right_thick  = "󰁕"
